     1                                  	section		.data
     2 00000000 456E74657220612073-     prompt:	db "Enter a string: "
     2 00000009 7472696E673A20     
     3 00000010 <res 64h>               buff:	resb 100
     3          ******************       warning: uninitialized space declared in non-BSS section `.data': zeroing [-w+zeroing]
     4                                  	
     5                                  	section		.text		; this is a comment
     6                                  	global		_start
     7                                  _start:
     8                                  	; print prompt
     9 00000000 BA10000000              	mov		edx, buff-prompt
    10 00000005 B9[00000000]            	mov		ecx, prompt
    11 0000000A B804000000              	mov		eax, 4
    12 0000000F BB01000000              	mov		ebx, 1
    13 00000014 CD80                    	int		0x80
    14                                  
    15                                  	; read from keyboard (stdin=0), no more than 100 bytes (chars)
    16 00000016 B803000000              	mov		eax, 3
    17 0000001B BB00000000              	mov		ebx, 0
    18 00000020 B9[10000000]            	mov		ecx, buff
    19 00000025 BA64000000              	mov		edx, 100
    20 0000002A CD80                    	int		0x80
    21                                  
    22                                  	; print out what we read. 
    23 0000002C 89C2                    	mov		edx, eax
    24 0000002E B9[10000000]            	mov		ecx, buff
    25 00000033 B804000000              	mov		eax, 4
    26 00000038 BB01000000              	mov		ebx, 1
    27 0000003D CD80                    	int		0x80
    28                                  
    29                                  	
    30                                  	;  return to linux
    31 0000003F B801000000              	mov		eax, 1
    32 00000044 BB00000000              	mov		ebx, 0
    33 00000049 CD80                    	int		0x80
